#
# There is insufficient memory for the Java Runtime Environment to continue.
# Native memory allocation (mmap) failed to map 132120576 bytes for G1 virtual space
# Possible reasons:
#   The system is out of physical RAM or swap space
#   The process is running with CompressedOops enabled, and the Java Heap may be blocking the growth of the native heap
# Possible solutions:
#   Reduce memory load on the system
#   Increase physical memory or swap space
#   Check if swap backing store is full
#   Decrease Java heap size (-Xmx/-Xms)
#   Decrease number of Java threads
#   Decrease Java thread stack sizes (-Xss)
#   Set larger code cache with -XX:ReservedCodeCacheSize=
#   JVM is running with Unscaled Compressed Oops mode in which the Java heap is
#     placed in the first 4GB address space. The Java Heap base address is the
#     maximum limit for the native heap growth. Please use -XX:HeapBaseMinAddress
#     to set the Java Heap base and to place the Java Heap above 4GB virtual address.
# This output file may be truncated or incomplete.
#
#  Out of Memory Error (os_windows.cpp:3600), pid=10200, tid=15392
#
# JRE version:  (21.0.2+13) (build )
# Java VM: Java HotSpot(TM) 64-Bit Server VM (21.0.2+13-LTS-58, mixed mode, sharing, tiered, compressed oops, compressed class ptrs, g1 gc, windows-amd64)
# No core dump will be written. Minidumps are not enabled by default on client versions of Windows
#

---------------  S U M M A R Y ------------

Command Line: -Dmaven.multiModuleProjectDirectory=F:\Downloads\customer-orders\customer-orders -Djansi.passthrough=true -Dmaven.home=C:\Users\User\.m2\wrapper\dists\apache-maven-3.9.9-bin\4nf9hui3q3djbarqar9g711ggc\apache-maven-3.9.9 -Dclassworlds.conf=C:\Users\User\.m2\wrapper\dists\apache-maven-3.9.9-bin\4nf9hui3q3djbarqar9g711ggc\apache-maven-3.9.9\bin\m2.conf -Dmaven.ext.class.path=C:\Program Files\JetBrains\IntelliJ IDEA Community Edition 2024.3.4\plugins\maven\lib\maven-event-listener.jar -javaagent:C:\Program Files\JetBrains\IntelliJ IDEA Community Edition 2024.3.4\lib\idea_rt.jar=51888 -Dfile.encoding=UTF-8 -Dsun.stdout.encoding=UTF-8 -Dsun.stderr.encoding=UTF-8 org.codehaus.classworlds.Launcher -Didea.version=2024.3.4 clean install

Host: Intel(R) Core(TM) i5-10210U CPU @ 1.60GHz, 8 cores, 7G,  Windows 11 , 64 bit Build 26100 (10.0.26100.3624)
Time: Tue Apr  8 11:24:09 2025 India Standard Time elapsed time: 2.106292 seconds (0d 0h 0m 2s)

---------------  T H R E A D  ---------------

Current thread (0x0000020cd61c5920):  JavaThread "Unknown thread" [_thread_in_vm, id=15392, stack(0x0000002a60200000,0x0000002a60300000) (1024K)]

Stack: [0x0000002a60200000,0x0000002a60300000]
Native frames: (J=compiled Java code, j=interpreted, Vv=VM code, C=native code)
V  [jvm.dll+0x6cade9]
V  [jvm.dll+0x8569c1]
V  [jvm.dll+0x858d2e]
V  [jvm.dll+0x859413]
V  [jvm.dll+0x280e56]
V  [jvm.dll+0x6c74d5]
V  [jvm.dll+0x6bbeca]
V  [jvm.dll+0x355bca]
V  [jvm.dll+0x35d816]
V  [jvm.dll+0x3ae67e]
V  [jvm.dll+0x3ae928]
V  [jvm.dll+0x3295dc]
V  [jvm.dll+0x32a16b]
V  [jvm.dll+0x81efa9]
V  [jvm.dll+0x3bba01]
V  [jvm.dll+0x807928]
V  [jvm.dll+0x44f50e]
V  [jvm.dll+0x450e11]
C  [jli.dll+0x52a3]
C  [ucrtbase.dll+0x37b0]
C  [KERNEL32.DLL+0x2e8d7]
C  [ntdll.dll+0xb14fc]


---------------  P R O C E S S  ---------------

Threads class SMR info:
_java_thread_list=0x00007ff90b4dbb88, length=0, elements={
}

Java Threads: ( => current thread )
Total: 0

Other Threads:
  0x0000020cd621e770 WorkerThread "GC Thread#0"                     [id=9244, stack(0x0000002a60300000,0x0000002a60400000) (1024K)]
  0x0000020cd622f040 ConcurrentGCThread "G1 Main Marker"            [id=2512, stack(0x0000002a60400000,0x0000002a60500000) (1024K)]
  0x0000020cd62306b0 WorkerThread "G1 Conc#0"                       [id=15712, stack(0x0000002a60500000,0x0000002a60600000) (1024K)]

[error occurred during error reporting (printing all threads), id 0xc0000005, EXCEPTION_ACCESS_VIOLATION (0xc0000005) at pc=0x00007ff90ac4c6a7]
VM state: not at safepoint (not fully initialized)

VM Mutex/Monitor currently owned by a thread:  ([mutex/lock_event])
[0x00007ff90b54ce68] Heap_lock - owner thread: 0x0000020cd61c5920

Heap address: 0x0000000082600000, size: 2010 MB, Compressed Oops mode: 32-bit

CDS archive(s) mapped at: [0x0000000000000000-0x0000000000000000-0x0000000000000000), size 0, SharedBaseAddress: 0x0000000800000000, ArchiveRelocationMode: 1.
Narrow klass base: 0x0000000000000000, Narrow klass shift: 0, Narrow klass range: 0x0

GC Precious Log:
 CardTable entry size: 512
 Card Set container configuration: InlinePtr #cards 5 size 8 Array Of Cards #cards 12 size 40 Howl #buckets 4 coarsen threshold 1843 Howl Bitmap #cards 512 size 80 coarsen threshold 460 Card regions per heap region 1 cards per card region 2048

Heap:
 garbage-first heap   total 0K, used 0K [0x0000000082600000, 0x0000000100000000)
  region size 1024K, 0 young (0K), 0 survivors (0K)

[error occurred during error reporting (printing heap information), id 0xc0000005, EXCEPTION_ACCESS_VIOLATION (0xc0000005) at pc=0x00007ff90b0339f9]
GC Heap History (0 events):
No events

Dll operation events (1 events):
Event: 0.014 Loaded shared library C:\Program Files\Java\jdk-21\bin\java.dll

Deoptimization events (0 events):
No events

Classes loaded (0 events):
No events

Classes unloaded (0 events):
No events

Classes redefined (0 events):
No events

Internal exceptions (0 events):
No events

ZGC Phase Switch (0 events):
No events

VM Operations (0 events):
No events

Events (0 events):
No events


Dynamic libraries:
0x00007ff621370000 - 0x00007ff621380000 	C:\Program Files\Java\jdk-21\bin\java.exe
0x00007ff992320000 - 0x00007ff992580000 	C:\WINDOWS\SYSTEM32\ntdll.dll
0x00007ff990e70000 - 0x00007ff990f37000 	C:\WINDOWS\System32\KERNEL32.DLL
0x00007ff98f930000 - 0x00007ff98fcfb000 	C:\WINDOWS\System32\KERNELBASE.dll
0x00007ff96bf20000 - 0x00007ff96bf90000 	C:\Program Files (x86)\K7 Computing\K7TSecurity\K7CrvrEx64.dll
0x00007ff991490000 - 0x00007ff99165c000 	C:\WINDOWS\System32\USER32.dll
0x00007ff98ff10000 - 0x00007ff98ff37000 	C:\WINDOWS\System32\win32u.dll
0x00007ff990b80000 - 0x00007ff990baa000 	C:\WINDOWS\System32\GDI32.dll
0x00007ff98f670000 - 0x00007ff98f7a1000 	C:\WINDOWS\System32\gdi32full.dll
0x00007ff990070000 - 0x00007ff990113000 	C:\WINDOWS\System32\msvcp_win.dll
0x00007ff98fdc0000 - 0x00007ff98ff0b000 	C:\WINDOWS\System32\ucrtbase.dll
0x00007ff991ae0000 - 0x00007ff991b93000 	C:\WINDOWS\System32\ADVAPI32.dll
0x00007ff991150000 - 0x00007ff9911f9000 	C:\WINDOWS\System32\msvcrt.dll
0x00007ff9910a0000 - 0x00007ff991146000 	C:\WINDOWS\System32\sechost.dll
0x00007ff990320000 - 0x00007ff990436000 	C:\WINDOWS\System32\RPCRT4.dll
0x00007ff96b860000 - 0x00007ff96b8bc000 	C:\Program Files (x86)\K7 Computing\K7TSecurity\K7Crvr64.dll
0x00007ff975200000 - 0x00007ff975219000 	C:\Program Files\Java\jdk-21\bin\jli.dll
0x00007ff96ab70000 - 0x00007ff96ab8b000 	C:\Program Files\Java\jdk-21\bin\VCRUNTIME140.dll
0x00007ff97e4a0000 - 0x00007ff97e737000 	C:\WINDOWS\WinSxS\amd64_microsoft.windows.common-controls_6595b64144ccf1df_6.0.26100.3624_none_3e086962e3345f24\COMCTL32.dll
0x00007ff987fe0000 - 0x00007ff987feb000 	C:\WINDOWS\SYSTEM32\VERSION.dll
0x00007ff990c70000 - 0x00007ff990c9f000 	C:\WINDOWS\System32\IMM32.DLL
0x00007ff96dbc0000 - 0x00007ff96dbcc000 	C:\Program Files\Java\jdk-21\bin\vcruntime140_1.dll
0x00007ff967310000 - 0x00007ff96739e000 	C:\Program Files\Java\jdk-21\bin\msvcp140.dll
0x00007ff90a910000 - 0x00007ff90b627000 	C:\Program Files\Java\jdk-21\bin\server\jvm.dll
0x00007ff990bb0000 - 0x00007ff990c24000 	C:\WINDOWS\System32\WS2_32.dll
0x00007ff98e150000 - 0x00007ff98e1ae000 	C:\WINDOWS\SYSTEM32\POWRPROF.dll
0x00007ff97e740000 - 0x00007ff97e776000 	C:\WINDOWS\SYSTEM32\WINMM.dll
0x00007ff98e120000 - 0x00007ff98e134000 	C:\WINDOWS\SYSTEM32\UMPDC.dll
0x00007ff98e430000 - 0x00007ff98e44a000 	C:\WINDOWS\SYSTEM32\kernel.appcore.dll
0x00007ff96db70000 - 0x00007ff96db7a000 	C:\Program Files\Java\jdk-21\bin\jimage.dll
0x00007ff98cc50000 - 0x00007ff98ce91000 	C:\WINDOWS\SYSTEM32\DBGHELP.DLL
0x00007ff991750000 - 0x00007ff991ad3000 	C:\WINDOWS\System32\combase.dll
0x00007ff991670000 - 0x00007ff991746000 	C:\WINDOWS\System32\OLEAUT32.dll
0x00007ff97aac0000 - 0x00007ff97aaf9000 	C:\WINDOWS\SYSTEM32\dbgcore.DLL
0x00007ff98ff40000 - 0x00007ff98ffd9000 	C:\WINDOWS\System32\bcryptPrimitives.dll
0x00007ff98a2a0000 - 0x00007ff98a2af000 	C:\Program Files\Java\jdk-21\bin\instrument.dll
0x00007ff96a810000 - 0x00007ff96a82f000 	C:\Program Files\Java\jdk-21\bin\java.dll

dbghelp: loaded successfully - version: 4.0.5 - missing functions: none
symbol engine: initialized successfully - sym options: 0x614 - pdb path: .;C:\Program Files\Java\jdk-21\bin;C:\WINDOWS\SYSTEM32;C:\Program Files (x86)\K7 Computing\K7TSecurity;C:\WINDOWS\WinSxS\amd64_microsoft.windows.common-controls_6595b64144ccf1df_6.0.26100.3624_none_3e086962e3345f24;C:\Program Files\Java\jdk-21\bin\server

VM Arguments:
jvm_args: -Dmaven.multiModuleProjectDirectory=F:\Downloads\customer-orders\customer-orders -Djansi.passthrough=true -Dmaven.home=C:\Users\User\.m2\wrapper\dists\apache-maven-3.9.9-bin\4nf9hui3q3djbarqar9g711ggc\apache-maven-3.9.9 -Dclassworlds.conf=C:\Users\User\.m2\wrapper\dists\apache-maven-3.9.9-bin\4nf9hui3q3djbarqar9g711ggc\apache-maven-3.9.9\bin\m2.conf -Dmaven.ext.class.path=C:\Program Files\JetBrains\IntelliJ IDEA Community Edition 2024.3.4\plugins\maven\lib\maven-event-listener.jar -javaagent:C:\Program Files\JetBrains\IntelliJ IDEA Community Edition 2024.3.4\lib\idea_rt.jar=51888 -Dfile.encoding=UTF-8 -Dsun.stdout.encoding=UTF-8 -Dsun.stderr.encoding=UTF-8 
java_command: org.codehaus.classworlds.Launcher -Didea.version=2024.3.4 clean install
java_class_path (initial): C:\Users\User\.m2\wrapper\dists\apache-maven-3.9.9-bin\4nf9hui3q3djbarqar9g711ggc\apache-maven-3.9.9\boot\plexus-classworlds-2.8.0.jar;C:\Users\User\.m2\wrapper\dists\apache-maven-3.9.9-bin\4nf9hui3q3djbarqar9g711ggc\apache-maven-3.9.9\boot\plexus-classworlds.license
Launcher Type: SUN_STANDARD

[Global flags]
     intx CICompilerCount                          = 4                                         {product} {ergonomic}
     uint ConcGCThreads                            = 2                                         {product} {ergonomic}
     uint G1ConcRefinementThreads                  = 8                                         {product} {ergonomic}
   size_t G1HeapRegionSize                         = 1048576                                   {product} {ergonomic}
    uintx GCDrainStackTargetSize                   = 64                                        {product} {ergonomic}
   size_t InitialHeapSize                          = 132120576                                 {product} {ergonomic}
   size_t MarkStackSize                            = 4194304                                   {product} {ergonomic}
   size_t MaxHeapSize                              = 2107637760                                {product} {ergonomic}
   size_t MinHeapDeltaBytes                        = 1048576                                   {product} {ergonomic}
   size_t MinHeapSize                              = 8388608                                   {product} {ergonomic}
    uintx NonNMethodCodeHeapSize                   = 5839372                                {pd product} {ergonomic}
    uintx NonProfiledCodeHeapSize                  = 122909434                              {pd product} {ergonomic}
    uintx ProfiledCodeHeapSize                     = 122909434                              {pd product} {ergonomic}
    uintx ReservedCodeCacheSize                    = 251658240                              {pd product} {ergonomic}
     bool SegmentedCodeCache                       = true                                      {product} {ergonomic}
   size_t SoftMaxHeapSize                          = 2107637760                             {manageable} {ergonomic}
     bool UseCompressedOops                        = true                           {product lp64_product} {ergonomic}
     bool UseG1GC                                  = true                                      {product} {ergonomic}
     bool UseLargePagesIndividualAllocation        = false                                  {pd product} {ergonomic}

Logging:
Log output configuration:
 #0: stdout all=warning uptime,level,tags foldmultilines=false
 #1: stderr all=off uptime,level,tags foldmultilines=false

Environment Variables:
PATH=C:\Python312\Scripts\;C:\Python312\;C:\Program Files\Common Files\Oracle\Java\javapath;C:\Program Files (x86)\Common Files\Oracle\Java\javapath;C:\WINDOWS\system32;C:\WINDOWS;C:\WINDOWS\System32\Wbem;C:\WINDOWS\System32\WindowsPowerShell\v1.0\;C:\WINDOWS\System32\OpenSSH\;C:\Program Files (x86)\Intel\Intel(R) Management Engine Components\DAL;C:\Program Files\Intel\Intel(R) Management Engine Components\DAL;C:\Program Files\Java\jdk-18.0.1.1\bin;C:\Program Files\Git\cmd;C:\Program Files\nodejs\node.exe;C:\ProgramData\chocolatey\bin;C:\Program Files\nodejs\;C:\Program Files\PuTTY\;C:\Program Files\MySQL\MySQL Shell 8.0\bin\;C:\Users\User\AppData\Local\Programs\Python\Python39\Scripts\;C:\Users\User\AppData\Local\Programs\Python\Python39\;C:\Users\User\AppData\Local\Microsoft\WindowsApps;C:\Program Files\JetBrains\PyCharm Community Edition 2020.1.4\bin;C:\Users\User\AppData\Local\JetBrains\PyCharm Community Edition 2021.1.3\bin;C:\Users\User\AppData\Local\JetBrains\Toolbox\scripts;C:\Users\User\AppData\Local\Microsoft\WindowsApps;C:\Users\User\AppData\Local\Programs\Hyper\resources\bin;C:\MinGW\bin;C:\Users\User\AppData\Roaming\npm;C:\msys64\ucrt64\bin;C:\Users\User\AppData\Local\Programs\Microsoft VS Code\bin;C:\Users\User\Downloads\apache-maven-3.9.9-bin\apache-maven-3.9.9\bin;
USERNAME=User
OS=Windows_NT
PROCESSOR_IDENTIFIER=Intel64 Family 6 Model 142 Stepping 12, GenuineIntel
TMP=C:\Users\User\AppData\Local\Temp
TEMP=C:\Users\User\AppData\Local\Temp




Periodic native trim disabled

---------------  S Y S T E M  ---------------

OS:
 Windows 11 , 64 bit Build 26100 (10.0.26100.3624)
OS uptime: 0 days 0:53 hours
Hyper-V role detected

CPU: total 8 (initial active 8) (4 cores per cpu, 2 threads per core) family 6 model 142 stepping 12 microcode 0xf8, cx8, cmov, fxsr, ht, mmx, 3dnowpref, sse, sse2, sse3, ssse3, sse4.1, sse4.2, popcnt, lzcnt, tsc, tscinvbit, avx, avx2, aes, erms, clmul, bmi1, bmi2, adx, fma, vzeroupper, clflush, clflushopt, hv, rdtscp, f16c
Processor Information for all 8 processors :
  Max Mhz: 2112, Current Mhz: 1609, Mhz Limit: 1605

Memory: 4k page, system-wide physical 8039M (1015M free)
TotalPageFile size 10087M (AvailPageFile size 3M)
current process WorkingSet (physical memory assigned to process): 13M, peak: 13M
current process commit charge ("private bytes"): 60M, peak: 186M

vm_info: Java HotSpot(TM) 64-Bit Server VM (21.0.2+13-LTS-58) for windows-amd64 JRE (21.0.2+13-LTS-58), built on 2024-01-05T18:32:24Z by "mach5one" with MS VC++ 17.1 (VS2022)

END.
